Consolidate compiler generated dependencies of target grid_ground_node_lib
[ 25%] Building CXX object CMakeFiles/grid_ground_node_lib.dir/src/grid_ground_node.cpp.o
[ 50%] Linking CXX static library libgrid_ground_node_lib.a
[ 50%] Built target grid_ground_node_lib
[ 75%] Building CXX object CMakeFiles/grid_ground.dir/src/grid_ground_main.cpp.o
[100%] Linking CXX executable grid_ground
[100%] Built target grid_ground
-- Install configuration: ""
-- Execute custom install script
-- Symlinking: /home/keqi/BHFRobot/tof_cpp_ws/install/tof_ground_seg_cpp/lib/libgrid_ground_node_lib.a
-- Symlinking: /home/keqi/BHFRobot/tof_cpp_ws/install/tof_ground_seg_cpp/lib/tof_ground_seg_cpp/grid_ground
-- Symlinking: /home/keqi/BHFRobot/tof_cpp_ws/install/tof_ground_seg_cpp/include/tof_ground_seg_cpp/grid_ground_node.hpp
-- Symlinking: /home/keqi/BHFRobot/tof_cpp_ws/install/tof_ground_seg_cpp/share/ament_index/resource_index/packages/tof_ground_seg_cpp
-- Symlinking: /home/keqi/BHFRobot/tof_cpp_ws/install/tof_ground_seg_cpp/share/tof_ground_seg_cpp/package.xml
-- Symlinking: /home/keqi/BHFRobot/tof_cpp_ws/install/tof_ground_seg_cpp/share/ament_index/resource_index/package_run_dependencies/tof_ground_seg_cpp
-- Symlinking: /home/keqi/BHFRobot/tof_cpp_ws/install/tof_ground_seg_cpp/share/ament_index/resource_index/parent_prefix_path/tof_ground_seg_cpp
-- Symlinking: /home/keqi/BHFRobot/tof_cpp_ws/install/tof_ground_seg_cpp/share/tof_ground_seg_cpp/environment/ament_prefix_path.sh
-- Symlinking: /home/keqi/BHFRobot/tof_cpp_ws/install/tof_ground_seg_cpp/share/tof_ground_seg_cpp/environment/ament_prefix_path.dsv
-- Symlinking: /home/keqi/BHFRobot/tof_cpp_ws/install/tof_ground_seg_cpp/share/tof_ground_seg_cpp/environment/path.sh
-- Symlinking: /home/keqi/BHFRobot/tof_cpp_ws/install/tof_ground_seg_cpp/share/tof_ground_seg_cpp/environment/path.dsv
-- Symlinking: /home/keqi/BHFRobot/tof_cpp_ws/install/tof_ground_seg_cpp/share/tof_ground_seg_cpp/local_setup.bash
-- Symlinking: /home/keqi/BHFRobot/tof_cpp_ws/install/tof_ground_seg_cpp/share/tof_ground_seg_cpp/local_setup.sh
-- Symlinking: /home/keqi/BHFRobot/tof_cpp_ws/install/tof_ground_seg_cpp/share/tof_ground_seg_cpp/local_setup.zsh
-- Symlinking: /home/keqi/BHFRobot/tof_cpp_ws/install/tof_ground_seg_cpp/share/tof_ground_seg_cpp/local_setup.dsv
-- Symlinking: /home/keqi/BHFRobot/tof_cpp_ws/install/tof_ground_seg_cpp/share/tof_ground_seg_cpp/package.dsv
-- Symlinking: /home/keqi/BHFRobot/tof_cpp_ws/install/tof_ground_seg_cpp/share/ament_index/resource_index/packages/tof_ground_seg_cpp
-- Symlinking: /home/keqi/BHFRobot/tof_cpp_ws/install/tof_ground_seg_cpp/share/tof_ground_seg_cpp/cmake/tof_ground_seg_cppConfig.cmake
-- Symlinking: /home/keqi/BHFRobot/tof_cpp_ws/install/tof_ground_seg_cpp/share/tof_ground_seg_cpp/cmake/tof_ground_seg_cppConfig-version.cmake
-- Up-to-date symlink: /home/keqi/BHFRobot/tof_cpp_ws/install/tof_ground_seg_cpp/share/tof_ground_seg_cpp/package.xml
