[ 50%] Built target grid_ground_node_lib
[100%] Built target grid_ground
-- Install configuration: ""
-- Execute custom install script
-- Up-to-date symlink: /home/keqi/BHFRobot/tof_cpp_ws/install/tof_ground_seg_cpp/lib/libgrid_ground_node_lib.a
-- Up-to-date symlink: /home/keqi/BHFRobot/tof_cpp_ws/install/tof_ground_seg_cpp/lib/tof_ground_seg_cpp/grid_ground
-- Up-to-date symlink: /home/keqi/BHFRobot/tof_cpp_ws/install/tof_ground_seg_cpp/include/tof_ground_seg_cpp/grid_ground_node.hpp
-- Symlinking: /home/keqi/BHFRobot/tof_cpp_ws/install/tof_ground_seg_cpp/share/ament_index/resource_index/packages/tof_ground_seg_cpp
-- Up-to-date symlink: /home/keqi/BHFRobot/tof_cpp_ws/install/tof_ground_seg_cpp/share/tof_ground_seg_cpp/package.xml
-- Up-to-date symlink: /home/keqi/BHFRobot/tof_cpp_ws/install/tof_ground_seg_cpp/share/ament_index/resource_index/package_run_dependencies/tof_ground_seg_cpp
-- Up-to-date symlink: /home/keqi/BHFRobot/tof_cpp_ws/install/tof_ground_seg_cpp/share/ament_index/resource_index/parent_prefix_path/tof_ground_seg_cpp
-- Up-to-date symlink: /home/keqi/BHFRobot/tof_cpp_ws/install/tof_ground_seg_cpp/share/tof_ground_seg_cpp/environment/ament_prefix_path.sh
-- Up-to-date symlink: /home/keqi/BHFRobot/tof_cpp_ws/install/tof_ground_seg_cpp/share/tof_ground_seg_cpp/environment/ament_prefix_path.dsv
-- Up-to-date symlink: /home/keqi/BHFRobot/tof_cpp_ws/install/tof_ground_seg_cpp/share/tof_ground_seg_cpp/environment/path.sh
-- Up-to-date symlink: /home/keqi/BHFRobot/tof_cpp_ws/install/tof_ground_seg_cpp/share/tof_ground_seg_cpp/environment/path.dsv
-- Up-to-date symlink: /home/keqi/BHFRobot/tof_cpp_ws/install/tof_ground_seg_cpp/share/tof_ground_seg_cpp/local_setup.bash
-- Up-to-date symlink: /home/keqi/BHFRobot/tof_cpp_ws/install/tof_ground_seg_cpp/share/tof_ground_seg_cpp/local_setup.sh
-- Up-to-date symlink: /home/keqi/BHFRobot/tof_cpp_ws/install/tof_ground_seg_cpp/share/tof_ground_seg_cpp/local_setup.zsh
-- Up-to-date symlink: /home/keqi/BHFRobot/tof_cpp_ws/install/tof_ground_seg_cpp/share/tof_ground_seg_cpp/local_setup.dsv
-- Symlinking: /home/keqi/BHFRobot/tof_cpp_ws/install/tof_ground_seg_cpp/share/tof_ground_seg_cpp/package.dsv
-- Symlinking: /home/keqi/BHFRobot/tof_cpp_ws/install/tof_ground_seg_cpp/share/ament_index/resource_index/packages/tof_ground_seg_cpp
-- Up-to-date symlink: /home/keqi/BHFRobot/tof_cpp_ws/install/tof_ground_seg_cpp/share/tof_ground_seg_cpp/cmake/tof_ground_seg_cppConfig.cmake
-- Up-to-date symlink: /home/keqi/BHFRobot/tof_cpp_ws/install/tof_ground_seg_cpp/share/tof_ground_seg_cpp/cmake/tof_ground_seg_cppConfig-version.cmake
-- Up-to-date symlink: /home/keqi/BHFRobot/tof_cpp_ws/install/tof_ground_seg_cpp/share/tof_ground_seg_cpp/package.xml
