-- Found ament_cmake: 1.3.12 (/opt/ros/humble/share/ament_cmake/cmake)
-- Override CMake install command with custom implementation using symlinks instead of copying resources
-- Found rclcpp: 16.0.14 (/opt/ros/humble/share/rclcpp/cmake)
-- Found rosidl_generator_c: 3.1.7 (/opt/ros/humble/share/rosidl_generator_c/cmake)
-- Found rosidl_adapter: 3.1.7 (/opt/ros/humble/share/rosidl_adapter/cmake)
-- Found rosidl_generator_cpp: 3.1.7 (/opt/ros/humble/share/rosidl_generator_cpp/cmake)
-- Using all available rosidl_typesupport_c: rosidl_typesupport_fastrtps_c;rosidl_typesupport_introspection_c
-- Using all available rosidl_typesupport_cpp: rosidl_typesupport_fastrtps_cpp;rosidl_typesupport_introspection_cpp
-- Found rmw_implementation_cmake: 6.1.2 (/opt/ros/humble/share/rmw_implementation_cmake/cmake)
-- Found rmw_cyclonedds_cpp: 1.3.4 (/opt/ros/humble/share/rmw_cyclonedds_cpp/cmake)
-- Using RMW implementation 'rmw_cyclonedds_cpp' as default
-- Found sensor_msgs: 4.9.0 (/opt/ros/humble/share/sensor_msgs/cmake)
-- Found visualization_msgs: 4.9.0 (/opt/ros/humble/share/visualization_msgs/cmake)
-- Configuring done
-- Generating done
-- Build files have been written to: /home/keqi/BHFRobot/tof_cpp_ws/build/tof_ground_seg_cpp
[35m[1mConsolidate compiler generated dependencies of target grid_ground_node_lib[0m
[ 25%] [32mBuilding CXX object CMakeFiles/grid_ground_node_lib.dir/src/grid_ground_node.cpp.o[0m
[ 50%] [32m[1mLinking CXX static library libgrid_ground_node_lib.a[0m
[ 50%] Built target grid_ground_node_lib
[35m[1mConsolidate compiler generated dependencies of target grid_ground[0m
[ 75%] [32mBuilding CXX object CMakeFiles/grid_ground.dir/src/grid_ground_main.cpp.o[0m
[100%] [32m[1mLinking CXX executable grid_ground[0m
[100%] Built target grid_ground
-- Install configuration: ""
-- Execute custom install script
-- Up-to-date symlink: /home/keqi/BHFRobot/tof_cpp_ws/install/tof_ground_seg_cpp/lib/libgrid_ground_node_lib.a
-- Up-to-date symlink: /home/keqi/BHFRobot/tof_cpp_ws/install/tof_ground_seg_cpp/lib/tof_ground_seg_cpp/grid_ground
-- Up-to-date symlink: /home/keqi/BHFRobot/tof_cpp_ws/install/tof_ground_seg_cpp/include/tof_ground_seg_cpp/grid_ground_node.hpp
-- Symlinking: /home/keqi/BHFRobot/tof_cpp_ws/install/tof_ground_seg_cpp/share/ament_index/resource_index/packages/tof_ground_seg_cpp
-- Up-to-date symlink: /home/keqi/BHFRobot/tof_cpp_ws/install/tof_ground_seg_cpp/share/tof_ground_seg_cpp/package.xml
-- Up-to-date symlink: /home/keqi/BHFRobot/tof_cpp_ws/install/tof_ground_seg_cpp/share/ament_index/resource_index/package_run_dependencies/tof_ground_seg_cpp
-- Up-to-date symlink: /home/keqi/BHFRobot/tof_cpp_ws/install/tof_ground_seg_cpp/share/ament_index/resource_index/parent_prefix_path/tof_ground_seg_cpp
-- Up-to-date symlink: /home/keqi/BHFRobot/tof_cpp_ws/install/tof_ground_seg_cpp/share/tof_ground_seg_cpp/environment/ament_prefix_path.sh
-- Up-to-date symlink: /home/keqi/BHFRobot/tof_cpp_ws/install/tof_ground_seg_cpp/share/tof_ground_seg_cpp/environment/ament_prefix_path.dsv
-- Up-to-date symlink: /home/keqi/BHFRobot/tof_cpp_ws/install/tof_ground_seg_cpp/share/tof_ground_seg_cpp/environment/path.sh
-- Up-to-date symlink: /home/keqi/BHFRobot/tof_cpp_ws/install/tof_ground_seg_cpp/share/tof_ground_seg_cpp/environment/path.dsv
-- Up-to-date symlink: /home/keqi/BHFRobot/tof_cpp_ws/install/tof_ground_seg_cpp/share/tof_ground_seg_cpp/local_setup.bash
-- Up-to-date symlink: /home/keqi/BHFRobot/tof_cpp_ws/install/tof_ground_seg_cpp/share/tof_ground_seg_cpp/local_setup.sh
-- Up-to-date symlink: /home/keqi/BHFRobot/tof_cpp_ws/install/tof_ground_seg_cpp/share/tof_ground_seg_cpp/local_setup.zsh
-- Up-to-date symlink: /home/keqi/BHFRobot/tof_cpp_ws/install/tof_ground_seg_cpp/share/tof_ground_seg_cpp/local_setup.dsv
-- Symlinking: /home/keqi/BHFRobot/tof_cpp_ws/install/tof_ground_seg_cpp/share/tof_ground_seg_cpp/package.dsv
-- Symlinking: /home/keqi/BHFRobot/tof_cpp_ws/install/tof_ground_seg_cpp/share/ament_index/resource_index/packages/tof_ground_seg_cpp
-- Up-to-date symlink: /home/keqi/BHFRobot/tof_cpp_ws/install/tof_ground_seg_cpp/share/tof_ground_seg_cpp/cmake/tof_ground_seg_cppConfig.cmake
-- Up-to-date symlink: /home/keqi/BHFRobot/tof_cpp_ws/install/tof_ground_seg_cpp/share/tof_ground_seg_cpp/cmake/tof_ground_seg_cppConfig-version.cmake
-- Up-to-date symlink: /home/keqi/BHFRobot/tof_cpp_ws/install/tof_ground_seg_cpp/share/tof_ground_seg_cpp/package.xml
